{"streams":[{"stream":{},"values":[["<unixepochinnanoseconds>","[ERR] An error occured"]]}]}