{"streams":[{"stream":{"server_ip":"127.0.0.1"},"values":[["<unixepochinnanoseconds>","An error occured"]]}]}