{"streams":[{"stream":{},"values":[["<unixepochinnanoseconds>","An error occured"]]}]}